[Engine] Connecting to Redis at redis://localhost:6379...
[Engine] Connected to Redis.
[Engine] Initializing Model Provider...
python : Traceback (most recent call last):
At line:1 char:1
+ python backend/analyze_engine.py --mode simulati
on --provider guardia ...
+ ~~~~~~~~~~~~~~~~~~~~~~~~~~~~~~~~~~~~~~~~~~~~~~~~
~~~~~~~~~~~~~~~~~~~~~
    + CategoryInfo          : NotSpecified: (Trac 
   eback (most recent call last)::String) [], Re  
  moteException
    + FullyQualifiedErrorId : NativeCommandError
 
  File "C:\Users\pc\Desktop\Guardian-AI-Engine-V2\
backend\analyze_engine.py", line 181, in <module>
    engine.start()
    ~~~~~~~~~~~~^^
  File "C:\Users\pc\Desktop\Guardian-AI-Engine-V2\
backend\analyze_engine.py", line 166, in start
    self.initialize()
    ~~~~~~~~~~~~~~~^^
  File "C:\Users\pc\Desktop\Guardian-AI-Engine-V2\
backend\analyze_engine.py", line 52, in initialize
    self.provider.load()
    ~~~~~~~~~~~~~~~~~~^^
  File "C:\Users\pc\Desktop\Guardian-AI-Engine-V2\
backend\model_provider.py", line 229, in load
    raise FileNotFoundError(
    ...<2 lines>...
    )
FileNotFoundError: Scaler dosyas² bulunamad²: C:\U
sers\pc\Desktop\Guardian-AI-Engine-V2\backend\save
d_models\guardian_scaler.pkl
Ínce modeli e­itin: python model/train.py --phase 
all
